#
# There is insufficient memory for the Java Runtime Environment to continue.
# Native memory allocation (mmap) failed to map 67108864 bytes. Error detail: G1 virtual space
# Possible reasons:
#   The system is out of physical RAM or swap space
#   This process is running with CompressedOops enabled, and the Java Heap may be blocking the growth of the native heap
# Possible solutions:
#   Reduce memory load on the system
#   Increase physical memory or swap space
#   Check if swap backing store is full
#   Decrease Java heap size (-Xmx/-Xms)
#   Decrease number of Java threads
#   Decrease Java thread stack sizes (-Xss)
#   Set larger code cache with -XX:ReservedCodeCacheSize=
#   JVM is running with Unscaled Compressed Oops mode in which the Java heap is
#     placed in the first 4GB address space. The Java Heap base address is the
#     maximum limit for the native heap growth. Please use -XX:HeapBaseMinAddress
#     to set the Java Heap base and to place the Java Heap above 4GB virtual address.
# This output file may be truncated or incomplete.
#
#  Out of Memory Error (os_windows.cpp:3815), pid=14584, tid=2068
#
# JRE version:  (21.0.3) (build )
# Java VM: OpenJDK 64-Bit Server VM (21.0.3+-12282718-b509.11, mixed mode, sharing, tiered, compressed oops, compressed class ptrs, g1 gc, windows-amd64)
# No core dump will be written. Minidumps are not enabled by default on client versions of Windows
#

---------------  S U M M A R Y ------------

Command Line: git4idea.http.GitAskPassApp Username for 'https://github.com': 

Host: Intel(R) Pentium(R) CPU 4417U @ 2.30GHz, 4 cores, 3G,  Windows 10 , 64 bit Build 19041 (10.0.19041.5072)
Time: Fri Nov 29 10:52:37 2024 RTZ 2 (s 10 , 64 bit Build 19041 (10.0.19041.5072) elapsed time: 0.468172 seconds (0d 0h 0m 0s)

---------------  T H R E A D  ---------------

Current thread (0x000001e79510d170):  JavaThread "Unknown thread" [_thread_in_vm, id=2068, stack(0x0000001230300000,0x0000001230400000) (1024K)]

Stack: [0x0000001230300000,0x0000001230400000]
Native frames: (J=compiled Java code, j=interpreted, Vv=VM code, C=native code)
V  [jvm.dll+0x6cafb9]
V  [jvm.dll+0x858523]
V  [jvm.dll+0x85aa7e]
V  [jvm.dll+0x85b163]
V  [jvm.dll+0x27d356]
V  [jvm.dll+0x6c7865]
V  [jvm.dll+0x6bbd3a]
V  [jvm.dll+0x35199b]
V  [jvm.dll+0x3595d6]
V  [jvm.dll+0x3aa826]
V  [jvm.dll+0x3aaaf8]
V  [jvm.dll+0x3240bc]
V  [jvm.dll+0x324dab]
V  [jvm.dll+0x81fd89]
V  [jvm.dll+0x3b7c08]
V  [jvm.dll+0x80921d]
V  [jvm.dll+0x44c05e]
V  [jvm.dll+0x44d6b1]
C  [jli.dll+0x52ab]
C  [ucrtbase.dll+0x21bb2]
C  [KERNEL32.DLL+0x17374]
C  [ntdll.dll+0x4cc91]


---------------  P R O C E S S  ---------------

Threads class SMR info:
_java_thread_list=0x00007fffc76e57c8, length=0, elements={
}

Java Threads: ( => current thread )
Total: 0

Other Threads:
  0x000001e795140280 WorkerThread "GC Thread#0"                     [id=1244, stack(0x0000001230400000,0x0000001230500000) (1024K)]
  0x000001e795148fe0 ConcurrentGCThread "G1 Main Marker"            [id=14916, stack(0x0000001230500000,0x0000001230600000) (1024K)]
  0x000001e795149c50 WorkerThread "G1 Conc#0"                       [id=7704, stack(0x0000001230600000,0x0000001230700000) (1024K)]

[error occurred during error reporting (printing all threads), id 0xc0000005, EXCEPTION_ACCESS_VIOLATION (0xc0000005) at pc=0x00007fffc6ee7197]
VM state: not at safepoint (not fully initialized)

VM Mutex/Monitor currently owned by a thread:  ([mutex/lock_event])
[0x00007fffc77521c8] Heap_lock - owner thread: 0x000001e79510d170

Heap address: 0x00000000c1400000, size: 1004 MB, Compressed Oops mode: 32-bit

CDS archive(s) mapped at: [0x0000000000000000-0x0000000000000000-0x0000000000000000), size 0, SharedBaseAddress: 0x0000000800000000, ArchiveRelocationMode: 1.
Narrow klass base: 0x0000000000000000, Narrow klass shift: 0, Narrow klass range: 0x0

GC Precious Log:
 CardTable entry size: 512
 Card Set container configuration: InlinePtr #cards 5 size 8 Array Of Cards #cards 12 size 40 Howl #buckets 4 coarsen threshold 1843 Howl Bitmap #cards 512 size 80 coarsen threshold 460 Card regions per heap region 1 cards per card region 2048

Heap:
 garbage-first heap   total 0K, used 0K [0x00000000c1400000, 0x0000000100000000)
  region size 1024K, 0 young (0K), 0 survivors (0K)
 Metaspace       used 0K, committed 0K, reserved 0K
  class space    used 0K, committed 0K, reserved 0K

Heap Regions: E=young(eden), S=young(survivor), O=old, HS=humongous(starts), HC=humongous(continues), CS=collection set, F=free, TAMS=top-at-mark-start, PB=parsable bottom

Card table byte_map: [0x000001e7a7460000,0x000001e7a7660000] _byte_map_base: 0x000001e7a6e56000

Marking Bits: (CMBitMap*) 0x000001e795140980
 Bits: [0x000001e7a7660000, 0x000001e7a8610000)

GC Heap History (0 events):
No events

Dll operation events (1 events):
Event: 0.161 Loaded shared library C:\Program Files\Android\Android Studio\jbr\bin\java.dll

Deoptimization events (0 events):
No events

Classes loaded (0 events):
No events

Classes unloaded (0 events):
No events

Classes redefined (0 events):
No events

Internal exceptions (0 events):
No events

ZGC Phase Switch (0 events):
No events

VM Operations (0 events):
No events

Events (0 events):
No events


Dynamic libraries:
0x00007ff6c70f0000 - 0x00007ff6c70fa000 	C:\Program Files\Android\Android Studio\jbr\bin\java.exe
0x00007ff836630000 - 0x00007ff836828000 	C:\Windows\SYSTEM32\ntdll.dll
0x00007ff835170000 - 0x00007ff835232000 	C:\Windows\System32\KERNEL32.DLL
0x00007ff833f80000 - 0x00007ff83427e000 	C:\Windows\System32\KERNELBASE.dll
0x00007ff834300000 - 0x00007ff834400000 	C:\Windows\System32\ucrtbase.dll
0x00007ff817bd0000 - 0x00007ff817beb000 	C:\Program Files\Android\Android Studio\jbr\bin\VCRUNTIME140.dll
0x00007ff80e580000 - 0x00007ff80e598000 	C:\Program Files\Android\Android Studio\jbr\bin\jli.dll
0x00007ff8354c0000 - 0x00007ff83565d000 	C:\Windows\System32\USER32.dll
0x00007ff833f50000 - 0x00007ff833f72000 	C:\Windows\System32\win32u.dll
0x00007ff835010000 - 0x00007ff83503b000 	C:\Windows\System32\GDI32.dll
0x00007ff833cd0000 - 0x00007ff833de7000 	C:\Windows\System32\gdi32full.dll
0x00007ff834400000 - 0x00007ff83449d000 	C:\Windows\System32\msvcp_win.dll
0x00007ff80e9c0000 - 0x00007ff80ec5a000 	C:\Windows\WinSxS\amd64_microsoft.windows.common-controls_6595b64144ccf1df_6.0.19041.4355_none_60b8b9eb71f62e16\COMCTL32.dll
0x00007ff834650000 - 0x00007ff8346ee000 	C:\Windows\System32\msvcrt.dll
0x00007ff835f20000 - 0x00007ff835f4f000 	C:\Windows\System32\IMM32.DLL
0x00007ff82ec30000 - 0x00007ff82ec3c000 	C:\Program Files\Android\Android Studio\jbr\bin\vcruntime140_1.dll
0x00007ff80e4f0000 - 0x00007ff80e57d000 	C:\Program Files\Android\Android Studio\jbr\bin\msvcp140.dll
0x00007fffc6bb0000 - 0x00007fffc782d000 	C:\Program Files\Android\Android Studio\jbr\bin\server\jvm.dll
0x00007ff835050000 - 0x00007ff835101000 	C:\Windows\System32\ADVAPI32.dll
0x00007ff834e60000 - 0x00007ff834eff000 	C:\Windows\System32\sechost.dll
0x00007ff8364c0000 - 0x00007ff8365e3000 	C:\Windows\System32\RPCRT4.dll
0x00007ff834280000 - 0x00007ff8342a7000 	C:\Windows\System32\bcrypt.dll
0x00007ff835670000 - 0x00007ff8356db000 	C:\Windows\System32\WS2_32.dll
0x00007ff81d7b0000 - 0x00007ff81d7d7000 	C:\Windows\SYSTEM32\WINMM.dll
0x00007ff82d400000 - 0x00007ff82d40a000 	C:\Windows\SYSTEM32\VERSION.dll
0x00007ff833b30000 - 0x00007ff833b7b000 	C:\Windows\SYSTEM32\POWRPROF.dll
0x00007ff833b10000 - 0x00007ff833b22000 	C:\Windows\SYSTEM32\UMPDC.dll
0x00007ff8324b0000 - 0x00007ff8324c2000 	C:\Windows\SYSTEM32\kernel.appcore.dll
0x00007ff82d990000 - 0x00007ff82d99a000 	C:\Program Files\Android\Android Studio\jbr\bin\jimage.dll
0x00007ff8321d0000 - 0x00007ff8323b4000 	C:\Windows\SYSTEM32\DBGHELP.DLL
0x00007ff819e60000 - 0x00007ff819e94000 	C:\Windows\SYSTEM32\dbgcore.DLL
0x00007ff8345c0000 - 0x00007ff834642000 	C:\Windows\System32\bcryptPrimitives.dll
0x00007ff817bb0000 - 0x00007ff817bcf000 	C:\Program Files\Android\Android Studio\jbr\bin\java.dll

dbghelp: loaded successfully - version: 4.0.5 - missing functions: none
symbol engine: initialized successfully - sym options: 0x614 - pdb path: .;C:\Program Files\Android\Android Studio\jbr\bin;C:\Windows\SYSTEM32;C:\Windows\WinSxS\amd64_microsoft.windows.common-controls_6595b64144ccf1df_6.0.19041.4355_none_60b8b9eb71f62e16;C:\Program Files\Android\Android Studio\jbr\bin\server

VM Arguments:
java_command: git4idea.http.GitAskPassApp Username for 'https://github.com': 
java_class_path (initial): C:/Program Files/Android/Android Studio/plugins/vcs-git/lib/git4idea-rt.jar;C:/Program Files/Android/Android Studio/lib/externalProcess-rt.jar
Launcher Type: SUN_STANDARD

[Global flags]
     intx CICompilerCount                          = 3                                         {product} {ergonomic}
     uint ConcGCThreads                            = 1                                         {product} {ergonomic}
     uint G1ConcRefinementThreads                  = 4                                         {product} {ergonomic}
   size_t G1HeapRegionSize                         = 1048576                                   {product} {ergonomic}
    uintx GCDrainStackTargetSize                   = 64                                        {product} {ergonomic}
   size_t InitialHeapSize                          = 67108864                                  {product} {ergonomic}
   size_t MarkStackSize                            = 4194304                                   {product} {ergonomic}
   size_t MaxHeapSize                              = 1052770304                                {product} {ergonomic}
   size_t MinHeapDeltaBytes                        = 1048576                                   {product} {ergonomic}
   size_t MinHeapSize                              = 8388608                                   {product} {ergonomic}
    uintx NonNMethodCodeHeapSize                   = 5832780                                {pd product} {ergonomic}
    uintx NonProfiledCodeHeapSize                  = 122912730                              {pd product} {ergonomic}
     bool PerfDisableSharedMem                     = true                                      {product} {ergonomic}
    uintx ProfiledCodeHeapSize                     = 122912730                              {pd product} {ergonomic}
    uintx ReservedCodeCacheSize                    = 251658240                              {pd product} {ergonomic}
     bool SegmentedCodeCache                       = true                                      {product} {ergonomic}
   size_t SoftMaxHeapSize                          = 1052770304                             {manageable} {ergonomic}
     bool UseCompressedOops                        = true                           {product lp64_product} {ergonomic}
     bool UseG1GC                                  = true                                      {product} {ergonomic}
     bool UseLargePagesIndividualAllocation        = false                                  {pd product} {ergonomic}

Logging:
Log output configuration:
 #0: stdout all=warning uptime,level,tags foldmultilines=false
 #1: stderr all=off uptime,level,tags foldmultilines=false

Environment Variables:
PATH=C:\Program Files\Git\mingw64\libexec\git-core;C:\Program Files\Git\mingw64\libexec\git-core;C:\Program Files\Git\mingw64\bin;C:\Program Files\Git\usr\bin;C:\Users\Админ\bin;C:\Program Files\Common Files\Oracle\Java\javapath;C:\Program Files (x86)\Common Files\Oracle\Java\java8path;C:\Program Files (x86)\Common Files\Oracle\Java\javapath;C:\Windows\system32;C:\Windows;C:\Windows\System32\Wbem;C:\Windows\System32\WindowsPowerShell\v1.0;C:\Windows\System32\OpenSSH;C:\Program Files\7-Zip;C:\Program Files\dotnet;C:\Program Files\Microsoft SQL Server\150\Tools\Binn;C:\Program Files\Git\cmd;C:\Program Files\nodejs;C:\Program Files\MATLAB\R2022b\bin;C:\Program Files\Docker\Docker\resources\bin;C:\Users\Админ\AppData\Local\Programs\Python\Launcher;C:\Users\Админ\AppData\Local\Microsoft\WindowsApps;C:\Users\Админ\.dotnet\tools;C:\Users\Админ\AppData\Local\Programs\Microsoft VS Code\bin;C:\Users\Админ\AppData\Roaming\npm
USERNAME=Админ
DISPLAY=:0.0
LC_ALL=en_US.UTF-8
TERM=xterm-256color
TMPDIR=C:\Users\7272~1\AppData\Local\Temp
OS=Windows_NT
PROCESSOR_IDENTIFIER=Intel64 Family 6 Model 142 Stepping 10, GenuineIntel
TMP=C:\Users\7272~1\AppData\Local\Temp
TEMP=C:\Users\7272~1\AppData\Local\Temp




Periodic native trim disabled

JNI global refs:
JNI global refs: 0, weak refs: 0

JNI global refs memory usage: 0, weak refs: 0

Process memory usage:
Resident Set Size: 10400K (0% of 4109224K total physical memory with 50920K free physical memory)

OOME stack traces (most recent first):
Classloader memory used:

---------------  S Y S T E M  ---------------

OS:
 Windows 10 , 64 bit Build 19041 (10.0.19041.5072)
OS uptime: 5 days 0:34 hours
Hyper-V role detected

CPU: total 4 (initial active 4) (2 cores per cpu, 2 threads per core) family 6 model 142 stepping 10 microcode 0xb4, cx8, cmov, fxsr, ht, mmx, 3dnowpref, sse, sse2, sse3, ssse3, sse4.1, sse4.2, popcnt, lzcnt, tsc, tscinvbit, aes, erms, clmul, clflush, clflushopt, hv, rdtscp
Processor Information for all 4 processors :
  Max Mhz: 2301, Current Mhz: 2300, Mhz Limit: 2277

Memory: 4k page, system-wide physical 4012M (49M free)
TotalPageFile size 16300M (AvailPageFile size 72M)
current process WorkingSet (physical memory assigned to process): 10M, peak: 10M
current process commit charge ("private bytes"): 51M, peak: 115M

vm_info: OpenJDK 64-Bit Server VM (21.0.3+-12282718-b509.11) for windows-amd64 JRE (21.0.3+-12282718-b509.11), built on 2024-08-27T17:34:15Z by "builder" with MS VC++ 16.10 / 16.11 (VS2019)

END.
